[32m[INFO] Running /tmp/glm-mlx-python /private/tmp/glm_export_distributed_teacher_cache.py --rank-view-roots-json '{"0":"/Users/jack.mazac/Developer/keep/artifacts/build/glm45air__dmx2p0__sc-l45__r26__legacy_lineage_20260701/steps/legacy_pipeline_source_views-d660767a/out/rank-0","1":"/Users/jackmazac/Development/mlx/glm45-air-pipeline-views/rank-1"}' --output-dir /Users/jack.mazac/Developer/keep/artifacts/quality/glm45-air-teacher-cache-distributed-cleanroom-report-code000-topk16-pos1-rank1hidden-20260703 --require-two-ranks --rank0-only-logits --stream-lm-head --lm-head-chunk-rows 8192 --mlx-cache-limit-gb 0 --mlx-wired-limit-gb 1 --top-k 16 --prompt-set air_vq_ladder_report_v1 --max-positions 1 --prompt-id report_code_000 --no-full-logits --layer-split 24 [0m
Traceback (most recent call last):
  File "/private/tmp/glm_export_distributed_teacher_cache.py", line 1415, in <module>
    main()
    ~~~~^^
  File "/private/tmp/glm_export_distributed_teacher_cache.py", line 1227, in main
    output = _forward_pipeline_rank0_output(
        model,
    ...<4 lines>...
        diagnose_hidden_stages=args.stream_lm_head,
    )
  File "/private/tmp/glm_export_distributed_teacher_cache.py", line 649, in _forward_pipeline_rank0_output
    _raise_for_nonfinite_hidden_stages(hidden_stage_reports)
    ~~~~~~~~~~~~~~~~~~~~~~~~~~~~~~~~~~^^^^^^^^^^^^^^^^^^^^^^
  File "/private/tmp/glm_export_distributed_teacher_cache.py", line 795, in _raise_for_nonfinite_hidden_stages
    raise ValueError(
    ...<8 lines>...
    )
ValueError: rank0 hidden contains non-finite values: {"first_nonfinite_stage": {"stage": "after_recv"}, "hidden_stages": [{"dtype": "float32", "finite": false, "finite_count": 69473, "finite_max": 3.2964854295465914e+38, "finite_min": -3.3895313892515355e+38, "name": "hidden", "nan_count": 155, "neginf_count": 2, "nonfinite_count": 159, "posinf_count": 2, "shape": [1, 17, 4096], "size": 69632, "stage": "after_recv"}, {"dtype": "float32", "finite": false, "finite_count": 0, "layer_index": 24, "name": "hidden", "nan_count": 69632, "neginf_count": 0, "nonfinite_count": 69632, "posinf_count": 0, "shape": [1, 17, 4096], "size": 69632, "stage": "after_layer"}, {"dtype": "float32", "finite": false, "finite_count": 0, "layer_index": 25, "name": "hidden", "nan_count": 69632, "neginf_count": 0, "nonfinite_count": 69632, "posinf_count": 0, "shape": [1, 17, 4096], "size": 69632, "stage": "after_layer"}, {"dtype": "float32", "finite": false, "finite_count": 0, "layer_index": 26, "name": "hidden", "nan_count": 69632, "neginf_count": 0, "nonfinite_count": 69632, "posinf_count": 0, "shape": [1, 17, 4096], "size": 69632, "stage": "after_layer"}, {"dtype": "float32", "finite": false, "finite_count": 0, "layer_index": 27, "name": "hidden", "nan_count": 69632, "neginf_count": 0, "nonfinite_count": 69632, "posinf_count": 0, "shape": [1, 17, 4096], "size": 69632, "stage": "after_layer"}, {"dtype": "float32", "finite": false, "finite_count": 0, "layer_index": 28, "name": "hidden", "nan_count": 69632, "neginf_count": 0, "nonfinite_count": 69632, "posinf_count": 0, "shape": [1, 17, 4096], "size": 69632, "stage": "after_layer"}, {"dtype": "float32", "finite": false, "finite_count": 0, "layer_index": 29, "name": "hidden", "nan_count": 69632, "neginf_count": 0, "nonfinite_count": 69632, "posinf_count": 0, "shape": [1, 17, 4096], "size": 69632, "stage": "after_layer"}, {"dtype": "float32", "finite": false, "finite_count": 0, "layer_index": 30, "name": "hidden", "nan_count": 69632, "neginf_count": 0, "nonfinite_count": 69632, "posinf_count": 0, "shape": [1, 17, 4096], "size": 69632, "stage": "after_layer"}, {"dtype": "float32", "finite": false, "finite_count": 0, "layer_index": 31, "name": "hidden", "nan_count": 69632, "neginf_count": 0, "nonfinite_count": 69632, "posinf_count": 0, "shape": [1, 17, 4096], "size": 69632, "stage": "after_layer"}, {"dtype": "float32", "finite": false, "finite_count": 0, "layer_index": 32, "name": "hidden", "nan_count": 69632, "neginf_count": 0, "nonfinite_count": 69632, "posinf_count": 0, "shape": [1, 17, 4096], "size": 69632, "stage": "after_layer"}, {"dtype": "float32", "finite": false, "finite_count": 0, "layer_index": 33, "name": "hidden", "nan_count": 69632, "neginf_count": 0, "nonfinite_count": 69632, "posinf_count": 0, "shape": [1, 17, 4096], "size": 69632, "stage": "after_layer"}, {"dtype": "float32", "finite": false, "finite_count": 0, "layer_index": 34, "name": "hidden", "nan_count": 69632, "neginf_count": 0, "nonfinite_count": 69632, "posinf_count": 0, "shape": [1, 17, 4096], "size": 69632, "stage": "after_layer"}, {"dtype": "float32", "finite": false, "finite_count": 0, "layer_index": 35, "name": "hidden", "nan_count": 69632, "neginf_count": 0, "nonfinite_count": 69632, "posinf_count": 0, "shape": [1, 17, 4096], "size": 69632, "stage": "after_layer"}, {"dtype": "float32", "finite": false, "finite_count": 0, "layer_index": 36, "name": "hidden", "nan_count": 69632, "neginf_count": 0, "nonfinite_count": 69632, "posinf_count": 0, "shape": [1, 17, 4096], "size": 69632, "stage": "after_layer"}, {"dtype": "float32", "finite": false, "finite_count": 0, "layer_index": 37, "name": "hidden", "nan_count": 69632, "neginf_count": 0, "nonfinite_count": 69632, "posinf_count": 0, "shape": [1, 17, 4096], "size": 69632, "stage": "after_layer"}, {"dtype": "float32", "finite": false, "finite_count": 0, "layer_index": 38, "name": "hidden", "nan_count": 69632, "neginf_count": 0, "nonfinite_count": 69632, "posinf_count": 0, "shape": [1, 17, 4096], "size": 69632, "stage": "after_layer"}, {"dtype": "float32", "finite": false, "finite_count": 0, "layer_index": 39, "name": "hidden", "nan_count": 69632, "neginf_count": 0, "nonfinite_count": 69632, "posinf_count": 0, "shape": [1, 17, 4096], "size": 69632, "stage": "after_layer"}, {"dtype": "float32", "finite": false, "finite_count": 0, "layer_index": 40, "name": "hidden", "nan_count": 69632, "neginf_count": 0, "nonfinite_count": 69632, "posinf_count": 0, "shape": [1, 17, 4096], "size": 69632, "stage": "after_layer"}, {"dtype": "float32", "finite": false, "finite_count": 0, "layer_index": 41, "name": "hidden", "nan_count": 69632, "neginf_count": 0, "nonfinite_count": 69632, "posinf_count": 0, "shape": [1, 17, 4096], "size": 69632, "stage": "after_layer"}, {"dtype": "float32", "finite": false, "finite_count": 0, "layer_index": 42, "name": "hidden", "nan_count": 69632, "neginf_count": 0, "nonfinite_count": 69632, "posinf_count": 0, "shape": [1, 17, 4096], "size": 69632, "stage": "after_layer"}, {"dtype": "float32", "finite": false, "finite_count": 0, "layer_index": 43, "name": "hidden", "nan_count": 69632, "neginf_count": 0, "nonfinite_count": 69632, "posinf_count": 0, "shape": [1, 17, 4096], "size": 69632, "stage": "after_layer"}, {"dtype": "float32", "finite": false, "finite_count": 0, "layer_index": 44, "name": "hidden", "nan_count": 69632, "neginf_count": 0, "nonfinite_count": 69632, "posinf_count": 0, "shape": [1, 17, 4096], "size": 69632, "stage": "after_layer"}, {"dtype": "float32", "finite": false, "finite_count": 0, "layer_index": 45, "name": "hidden", "nan_count": 69632, "neginf_count": 0, "nonfinite_count": 69632, "posinf_count": 0, "shape": [1, 17, 4096], "size": 69632, "stage": "after_layer"}, {"dtype": "float32", "finite": false, "finite_count": 0, "name": "hidden", "nan_count": 69632, "neginf_count": 0, "nonfinite_count": 69632, "posinf_count": 0, "shape": [1, 17, 4096], "size": 69632, "stage": "before_gather"}, {"dtype": "float32", "finite": false, "finite_count": 0, "name": "hidden", "nan_count": 69632, "neginf_count": 0, "nonfinite_count": 69632, "posinf_count": 0, "shape": [1, 17, 4096], "size": 69632, "stage": "after_gather"}, {"dtype": "float32", "finite": false, "finite_count": 0, "name": "hidden", "nan_count": 69632, "neginf_count": 0, "nonfinite_count": 69632, "posinf_count": 0, "shape": [1, 17, 4096], "size": 69632, "stage": "after_norm"}]}
[33m[WARN] Node with rank 0 exited with code 1 [0m
Exception in thread Thread-2 (_thread_fn):
Traceback (most recent call last):
  File "/Users/jack.mazac/.local/share/uv/python/cpython-3.14.5-macos-aarch64-none/lib/python3.14/threading.py", line 1082, in _bootstrap_inner
    self._context.run(self.run)
    ~~~~~~~~~~~~~~~~~^^^^^^^^^^
  File "/Users/jack.mazac/.local/share/uv/python/cpython-3.14.5-macos-aarch64-none/lib/python3.14/threading.py", line 1024, in run
    self._target(*self._args, **self._kwargs)
    ~~~~~~~~~~~~^^^^^^^^^^^^^^^^^^^^^^^^^^^^^
  File "/Users/jack.mazac/Developer/keep/.venv/lib/python3.14/site-packages/mlx/_distributed_utils/launch.py", line 208, in _thread_fn
    command.terminate()
    ~~~~~~~~~~~~~~~~~^^
  File "/Users/jack.mazac/Developer/keep/.venv/lib/python3.14/site-packages/mlx/_distributed_utils/launch.py", line 95, in terminate
    c = run(
        cmd,
    ...<4 lines>...
        text=True,
    )
  File "/Users/jack.mazac/.local/share/uv/python/cpython-3.14.5-macos-aarch64-none/lib/python3.14/subprocess.py", line 578, in run
    raise CalledProcessError(retcode, process.args,
                             output=stdout, stderr=stderr)
subprocess.CalledProcessError: Command 'ssh jackmazac@192.168.100.191 'pid=$(cat /var/folders/6c/bstk3yh95vj2kk0jnvd69f180000gn/T/tmp.YwRMfOIPRM
); if ps -p $pid >/dev/null; then     kill $pid;     echo 1; else     echo 0; fi; rm /var/folders/6c/bstk3yh95vj2kk0jnvd69f180000gn/T/tmp.YwRMfOIPRM
'' returned non-zero exit status 1.
