DIAG-L0-start
DIAG-L0-input_layernorm-ok
Traceback (most recent call last):
  File "/Users/jack.mazac/Developer/keep/benchmarks/produce_glm52_teich_teacher_cache.py", line 92, in <module>
    raise SystemExit(main())
                     ~~~~^^
  File "/Users/jack.mazac/Developer/keep/benchmarks/produce_glm52_teich_teacher_cache.py", line 76, in main
    result = run_teich_teacher_production(
        snapshot_dir=args.snapshot_dir,
    ...<7 lines>...
        session_filter=session_filter,
    )
  File "/Users/jack.mazac/Developer/keep/src/mlx_vq/quality/glm52_teich_teacher_producer.py", line 602, in run_teich_teacher_production
    for prompt_id, capture in _run_chunk_forward(
                              ~~~~~~~~~~~~~~~~~~^
        workload,
        ^^^^^^^^^
    ...<3 lines>...
        on_layer=on_layer,
        ^^^^^^^^^^^^^^^^^^
    ):
    ^
  File "/Users/jack.mazac/Developer/keep/src/mlx_vq/quality/glm52_teich_teacher_producer.py", line 418, in _run_chunk_forward
    mx.eval(attention_output)
    ~~~~~~~^^^^^^^^^^^^^^^^^^
RuntimeError: [metal::malloc] Attempting to allocate 274458636544 bytes which is greater than the maximum allowed buffer size of 86586540032 bytes.
